// Jest Snapshot v1, https://goo.gl/fbAQLP

exports[`test count 1`] = `
<div>
  <ShowCount
    count={0}
  />
  <img
    alt=""
    className="img"
  />
  <CountOperation
    onAdd={[Function]}
  />
  <img
    alt=""
    className="img"
  />
</div>
`;
